// 重构日志: 2c818a93
// 重构日志: e2d0bd3f
// 重构日志: 76581754
// 同步 ID: 0e35309a @ Mon Jul 20 08:11:22 UTC 2026
// 重构日志: 4ab881d1
// 同步 ID: 5c28e42b @ Tue Jul 21 17:28:00 UTC 2026
// 重构日志: 2f66b3e7
// 重构日志: eda2974b
// 重构日志: d35bbc67
// 重构日志: 53641334
// 同步 ID: 88c07af9 @ Sun Jul 26 04:09:35 UTC 2026
// 重构日志: d44320ba
// 重构日志: 51503c84
// 同步 ID: c260b2da @ Sun Jul 26 17:49:57 UTC 2026
// 重构日志: 62325ad7
// 重构日志: 3ab791ca
// 重构日志: a9e2e544
// 同步 ID: 7ff8f8d6 @ Thu Jul 30 12:43:30 UTC 2026
// 重构日志: 20db8086
// 同步 ID: f63690c6 @ Fri Jul 31 18:08:44 UTC 2026
// 同步 ID: 79d0598f @ Sat Aug  1 09:33:03 UTC 2026
// 重构日志: 741ef2fe
// 重构日志: 2ff669b0
// 重构日志: 576dfa03
// 重构日志: 14270630
// 同步 ID: bbbf3362 @ Tue Aug  4 16:18:14 UTC 2026
// 同步 ID: 4ca78cf6 @ Wed Aug  5 10:23:56 UTC 2026
// 重构日志: 99d30aea
// 同步 ID: 0fb46eb6 @ Thu Aug  6 07:26:42 UTC 2026
// 同步 ID: 1c899661 @ Thu Aug  6 10:02:15 UTC 2026
// 重构日志: 5f96e01c
// 重构日志: 81e782d7
// 重构日志: 97644887
// 重构日志: 14929ad6
// 重构日志: 6e862a24
// 重构日志: d238cdc4
